[36mvite v5.4.21 [32mbuilding for production...[36m[39m
transforming...
[32m鉁?[39m 286 modules transformed.
node.exe : [31mx[39m Build f
ailed in 523ms
所在位置 行:1 字符: 1
+ & "C:\Program Files\nodejs/n
ode.exe" "C:\Program Files\nod
ejs/node_mo ...
+ ~~~~~~~~~~~~~~~~~~~~~~~~~~~~
~~~~~~~~~~~~~~~~~~~~~~~~~~~~~~
~~~~~~~~~~~
    + CategoryInfo          : 
    NotSpecified: ([31mx[3  
  9m Build failed in 523ms:   
 String) [], RemoteExcepti    
on
    + FullyQualifiedErrorId : 
    NativeCommandError
 
[31merror during build:
[31mCould not resolve "../../
../api/projects" from "src/com
ponents/projects/GanttView.jsx
"[31m
file: [36mC:/Users/Xquare/.ge
mini/antigravity/scratch/door/
src/components/projects/GanttV
iew.jsx[31m
    at getRollupError (file://
/C:/Users/Xquare/.gemini/antig
ravity/scratch/door/node_modul
es/rollup/dist/es/shared/parse
Ast.js:402:41)
    at error (file:///C:/Users
/Xquare/.gemini/antigravity/sc
ratch/door/node_modules/rollup
/dist/es/shared/parseAst.js:39
8:42)
    at ModuleLoader.handleInva
lidResolvedId (file:///C:/User
s/Xquare/.gemini/antigravity/s
cratch/door/node_modules/rollu
p/dist/es/shared/node-entry.js
:21710:24)
    at file:///C:/Users/Xquare
/.gemini/antigravity/scratch/d
oor/node_modules/rollup/dist/e
s/shared/node-entry.js:21670:2
6[39m
