鈻?Auth Routes
  [32m鉁?娉ㄥ唽 鈫?杩斿洖 accessToken + refreshToken + user [90m(99.1566ms)[39m[39m
  [31m鉁?閲嶅娉ㄥ唽鐩稿悓鐢ㄦ埛鍚?閭 鈫?409 [90m(60.21ms)[39m[39m
  [32m鉁?缂哄皯蹇呭～瀛楁 鈫?400 [90m(2.6053ms)[39m[39m
  [32m鉁?鐧诲綍姝ｇ‘瀵嗙爜 鈫?杩斿洖 token 瀵?[90m(55.0865ms)[39m[39m
Error: 鐢ㄦ埛鍚嶆垨瀵嗙爜閿欒
    at Module.login (file:///C:/Users/Xquare/.gemini/antigravity/scratch/door/server/src/modules/auth/auth.service.js:77:21)
    at async file:///C:/Users/Xquare/.gemini/antigravity/scratch/door/server/src/modules/auth/auth.routes.js:36:24
  [32m鉁?鐧诲綍閿欒瀵嗙爜 鈫?401 [90m(49.0342ms)[39m[39m
  [32m鉁?Token 鍒锋柊 鈫?鏃?token 澶辨晥 + 杩斿洖鏂?token [90m(11.6634ms)[39m[39m
Error: 鍒锋柊 Token 鏃犳晥鎴栧凡杩囨湡
    at Module.refresh (file:///C:/Users/Xquare/.gemini/antigravity/scratch/door/server/src/modules/auth/auth.service.js:101:21)
    at process.processTicksAndRejections (node:internal/process/task_queues:103:5)
    at async file:///C:/Users/Xquare/.gemini/antigravity/scratch/door/server/src/modules/auth/auth.routes.js:50:24
  [32m鉁?GET /api/auth/me 鈫?杩斿洖褰撳墠鐢ㄦ埛淇℃伅鍚?orgId [90m(3.2015ms)[39m[39m
  [32m鉁?GET /api/auth/me 鏃?token 鈫?401 [90m(1.0944ms)[39m[39m
  [32m鉁?鐧诲嚭 鈫?鎴愬姛 [90m(4.85ms)[39m[39m
[31m鉁?Auth Routes [90m(358.4081ms)[39m[39m
[34m鈩?tests 9[39m
[34m鈩?suites 1[39m
[34m鈩?pass 8[39m
[34m鈩?fail 1[39m
[34m鈩?cancelled 0[39m
[34m鈩?skipped 0[39m
[34m鈩?todo 0[39m
[34m鈩?duration_ms 792.3768[39m

[31m鉁?failing tests:[39m

test at tests\auth.test.js:71:5
[31m鉁?閲嶅娉ㄥ唽鐩稿悓鐢ㄦ埛鍚?閭 鈫?409 [90m(60.21ms)[39m[39m
  AssertionError [ERR_ASSERTION]: Expected values to be strictly equal:
  
  201 !== 409
  
      at TestContext.<anonymous> (file:///C:/Users/Xquare/.gemini/antigravity/scratch/door/server/tests/auth.test.js:81:16)
      at process.processTicksAndRejections (node:internal/process/task_queues:103:5)
      at async Test.run (node:internal/test_runner/test:1110:7)
      at async Suite.processPendingSubtests (node:internal/test_runner/test:785:7) {
    generatedMessage: true,
    code: 'ERR_ASSERTION',
    actual: 201,
    expected: 409,
    operator: 'strictEqual',
    diff: 'simple'
  }
